// Jest Snapshot v1, https://goo.gl/fbAQLP

exports[`should take a snapshot from App 1`] = `
<DocumentFragment>
  <div
    class="App css-1dqid6c"
  >
    <header
      class="css-yuevho"
    >
      <h1
        class="css-10hguqh"
      >
        TravelBar
      </h1>
      <div
        class="css-jici7"
      >
        <button
          class="css-bby6w0"
        >
          Alcoholic
        </button>
        <button
          class="css-bby6w0"
        >
          Non alcoholic
        </button>
      </div>
    </header>
    <div>
      <h1
        class="css-nuuxdy"
      >
        ¿What's TravelBar?
      </h1>
      <div
        class="css-1rwqcfj"
      >
        <div
          class="css-17wqooi"
        >
          <p
            class="css-176gu9r"
          >
            Set within a historic 17th century Dutch house in picturesque Central Amsterdam, TravelBar is the first international venue from Mr Lyan and team who brought you Seed Library, Silver Lyan, Cub, Lyaness and more. A casual cocktail bar offering kick ass cocktails, beers, wine and bites late into the night. The playful sibling in the family uses all the experience across our history to create expanded versions of familiar serves, alongside some unexpected gems.
            <br />
            A bar where you can dance, play board games, listen to music... We also have karaoke and open mic nights where you can get to know new talents.
            <br />
            Your kids are more than welcomed here. We have cocktails without alcohol just for them.
            <br />
            <br />
            Just come and have fun!!
          </p>
        </div>
        <div
          class="css-1vr8bhw"
        >
          <img
            class="css-qra5nm"
            src="barPhoto.jpg"
          />
        </div>
      </div>
    </div>
    <h1
      class="css-11rcl5f"
      data-testid="selection"
    >
      Selection of Cocktail
    </h1>
    <p>
      oops...something went wrong
    </p>
    <button
      class="css-ref9l6"
      data-testid="buttonMore"
    >
      See More
    </button>
  </div>
</DocumentFragment>
`;
